2026-06-26 21:28:57
                [main]
                INFO 
                org.testng.internal.Utils
                - [TestNG] Running:
  C:\Users\User\AppData\Local\JetBrains\IdeaIC2024.1\temp-testng-customsuite.xml

2026-06-26 21:30:28
                [main]
                INFO 
                org.testng.internal.Utils
                - [TestNG] Running:
  C:\Users\User\AppData\Local\JetBrains\IdeaIC2024.1\temp-testng-customsuite.xml

2026-06-26 21:32:11
                [main]
                INFO 
                org.testng.internal.Utils
                - [TestNG] Running:
  C:\Users\User\AppData\Local\JetBrains\IdeaIC2024.1\temp-testng-customsuite.xml

2026-06-26 21:33:50
                [main]
                INFO 
                org.testng.internal.Utils
                - [TestNG] Running:
  C:\Users\User\AppData\Local\JetBrains\IdeaIC2024.1\temp-testng-customsuite.xml

